// Jest Snapshot v1, https://goo.gl/fbAQLP

exports[`renders the DashboardExpanded given props 1`] = `
<li>
  <div
    className="dashboard-expanded-section"
  >
    <section
      onClick={[Function]}
    >
      <figure>
        <img
          alt="Beer"
          className="beer-color"
          src="light.jpg"
          width="150px"
        />
        <figcaption>
          ABV: 
           % 
        </figcaption>
      </figure>
      <section>
        <h3
          className="expanded-beer-name"
        >
          <span />
        </h3>
        <div
          className="expanded-small-details"
        >
          <h3
            className="expanded-location"
          >
            <span />
          </h3>
          <h3
            className="expanded-type"
          >
            <span />
          </h3>
        </div>
      </section>
      <fieldset
        className="expanded-description"
      >
        <legend>
          <span
            className="expanded-date"
          >
            NaN/NaN/NaN
          </span>
        </legend>
      </fieldset>
      <div>
        <h3
          className="expanded-slide-label"
        >
          Color
        </h3>
      </div>
      <section
        className="expanded-sliders-section"
      >
        <p>
          Dark
        </p>
        <input
          className="expanded-slider"
          max="6"
          min="1"
          readOnly={true}
          type="range"
        />
        <p>
          Light
        </p>
      </section>
      <div>
        <h3
          className="expanded-slide-label"
        >
          Flavor
        </h3>
      </div>
      <section
        className="expanded-sliders-section"
      >
        <p>
          Heavy
        </p>
        <input
          className="expanded-slider"
          max="5"
          min="1"
          readOnly={true}
          type="range"
        />
        <p>
          Light
        </p>
      </section>
      <figure>
        <img
          alt="Rating icons"
          className="rating-img"
          height="50px"
          src="half.png"
        />
      </figure>
    </section>
    <button
      className="clear-submit-back-btn"
      onClick={[Function]}
    >
      Edit
    </button>
    <button
      className="clear-submit-back-btn"
      onClick={[Function]}
    >
      Delete
    </button>
  </div>
</li>
`;

exports[`renders the complete page 1`] = `
<li>
  <div
    className="dashboard-expanded-section"
  >
    <section
      onClick={[Function]}
    >
      <figure>
        <img
          alt="Beer"
          className="beer-color"
          src="light.jpg"
          width="150px"
        />
        <figcaption>
          ABV: 
           % 
        </figcaption>
      </figure>
      <section>
        <h3
          className="expanded-beer-name"
        >
          <span />
        </h3>
        <div
          className="expanded-small-details"
        >
          <h3
            className="expanded-location"
          >
            <span />
          </h3>
          <h3
            className="expanded-type"
          >
            <span />
          </h3>
        </div>
      </section>
      <fieldset
        className="expanded-description"
      >
        <legend>
          <span
            className="expanded-date"
          >
            NaN/NaN/NaN
          </span>
        </legend>
      </fieldset>
      <div>
        <h3
          className="expanded-slide-label"
        >
          Color
        </h3>
      </div>
      <section
        className="expanded-sliders-section"
      >
        <p>
          Dark
        </p>
        <input
          className="expanded-slider"
          max="6"
          min="1"
          readOnly={true}
          type="range"
        />
        <p>
          Light
        </p>
      </section>
      <div>
        <h3
          className="expanded-slide-label"
        >
          Flavor
        </h3>
      </div>
      <section
        className="expanded-sliders-section"
      >
        <p>
          Heavy
        </p>
        <input
          className="expanded-slider"
          max="5"
          min="1"
          readOnly={true}
          type="range"
        />
        <p>
          Light
        </p>
      </section>
      <figure>
        <img
          alt="Rating icons"
          className="rating-img"
          height="50px"
          src="half.png"
        />
      </figure>
    </section>
    <button
      className="clear-submit-back-btn"
      onClick={[Function]}
    >
      Edit
    </button>
    <button
      className="clear-submit-back-btn"
      onClick={[Function]}
    >
      Delete
    </button>
  </div>
</li>
`;
