// Jest Snapshot v1, https://goo.gl/fbAQLP

exports[`Register Component Displays Register when rendered 1`] = `
<div
  className="register_route"
>
  <div
    className="register"
  >
    <Link
      className="register-header"
      to="/"
    >
      <h1>
        DearBeer
      </h1>
    </Link>
    <h3>
      Register
    </h3>
    <form
      className="RegistrationForm"
      onSubmit={[Function]}
    >
      <div
        className="alert"
        role="alert"
      />
      <div
        className="username"
      >
        <label
          htmlFor="RegistrationForm__username"
        />
        <input
          id="RegistrationForm__username"
          name="username"
          placeholder="Username"
          required={true}
          type="text"
        />
      </div>
      <div
        className="password"
      >
        <label
          htmlFor="RegistrationForm__password"
        />
        <input
          id="RegistrationForm__password"
          name="password"
          placeholder="Password"
          required={true}
          type="password"
        />
      </div>
      <div
        className="password"
      >
        <label
          htmlFor="RegistrationForm__confirmPassword"
        />
        <input
          id="RegistrationForm__confirmPassword"
          name="confirmPassword"
          placeholder="Confirm Password"
          required={true}
          type="password"
        />
      </div>
      <div
        className="full_name"
      >
        <label
          htmlFor="RegistrationForm__nickname"
        />
        <input
          id="RegistrationForm__nickname"
          name="nickname"
          placeholder="Nick Name"
          required={true}
          type="text"
        />
      </div>
      <button
        className="submit-button"
        type="submit"
      >
        Submit
      </button>
      <br />
      <button
        className="login-btn"
        onClick={[Function]}
        type="button"
      >
        Already a user?
      </button>
    </form>
  </div>
</div>
`;
